// Jest Snapshot v1, https://goo.gl/fbAQLP

exports[`TouchpointsPageHelpfulSurvey initial render renders the form 1`] = `
<DocumentFragment>
  <div
    id="touchpoints-yes-no-form"
  >
      
    <div
      aria-label="Feedback modal dialog"
      aria-labelledby="fba-modal-title"
      aria-modal="false"
      class="fba-modal-dialog"
      role="dialog"
    >
      
    
      <div
        class="touchpoints-form-wrapper "
        data-touchpoints-form-id="8fc3c209"
        id="touchpoints-form-8fc3c209"
      >
        
  
        <div
          class="wrapper"
        >
          
    
          <div
            class="fba-alert usa-alert usa-alert--success"
            hidden=""
            role="status"
          >
            
  
            <div
              class="usa-alert__body"
            >
              
    
              <h2
                class="usa-alert__heading"
              >
                
      Success
    
              </h2>
              
    
              <div
                class="usa-alert__text"
              >
                
      Thank you. Your feedback has been received.
    
              </div>
              
  
            </div>
            

          </div>
          

          <div
            class="fba-alert-error usa-alert usa-alert--error"
            hidden=""
            role="alert"
          >
            
  
            <div
              class="usa-alert__body"
            >
              
    
              <h2
                class="usa-alert__heading"
              >
                
      Error
    
              </h2>
              
    
              <p
                class="usa-alert__text"
              >
                
      alert message
    
              </p>
              
  
            </div>
            

          </div>
          

    

          <form
            action="https://touchpoints.app.cloud.gov/touchpoints/8fc3c209/submissions.json"
            class="usa-form usa-form--large margin-bottom-2"
            method="POST"
          >
            
  
            <div
              class="touchpoints-form-body"
            >
              
      
              <div
                class="section fba-visible"
              >
                



        
                <div
                  class="questions"
                >
                  

          
                  <div
                    class="question white-bg"
                    id="question_44546"
                  >
                    
              
                    <fieldset
                      class="usa-fieldset radios margin-top-3"
                    >
                      
  
                      <legend
                        class="usa-legend"
                        id="question-label-44546"
                      >
                        
 
                        <h1
                          class="word-break fba-modal-title"
                          id="fba-form-title-8fc3c209"
                        >
                          
    Is this page helpful?
  
                        </h1>
                        

                      </legend>
                      

  
                      <div
                        class="question-options"
                      >
                        
    
                        <div
                          class="radio-button usa-radio question-option"
                          data-id="66480"
                        >
                          
      
                          <input
                            class="usa-radio__input usa-radio__input--tile"
                            id="question_option_66480"
                            name="question_44546_answer_01"
                            type="radio"
                            value="Yes"
                          />
                          
      
                          <label
                            class="usa-radio__label"
                            for="question_option_66480"
                          >
                            Yes
                          </label>
                          
    
                        </div>
                        
    
                        <div
                          class="radio-button usa-radio question-option"
                          data-id="66481"
                        >
                          
      
                          <input
                            class="usa-radio__input usa-radio__input--tile"
                            id="question_option_66481"
                            name="question_44546_answer_01"
                            type="radio"
                            value="No"
                          />
                          
      
                          <label
                            class="usa-radio__label"
                            for="question_option_66481"
                          >
                            No
                          </label>
                          
    
                        </div>
                        
  
                      </div>
                      

                    </fieldset>
                    

          
                  </div>
                  

          
                  <div
                    class="question white-bg hide"
                    id="question_50470"
                  >
                    
              
                    <div
                      role="group"
                    >
                      
  
                      <label
                        class="usa-label"
                        for="question_50470_answer_02"
                      >
                        
  How can we make this page better?

                      </label>
                      

  
                      <textarea
                        class="usa-textarea"
                        id="question_50470_answer_02"
                        maxlength="10000"
                        name="question_50470_answer_02"
                      />
                      

                    </div>
                    

          
                  </div>
                  
        
                </div>
                

          
                <button
                  class="usa-button submit_form_button hide"
                  type="submit"
                >
                  Submit
                </button>
                
      
              </div>
              
        
              <input
                autocomplete="off"
                id="fba_location_code"
                name="fba_location_code"
                tabindex="-1"
                type="hidden"
              />
              
    
              <input
                aria-hidden="true"
                autocomplete="off"
                class="display-none"
                id="fba_directive"
                name="fba_directive"
                tabindex="-1"
                title="fba_directive"
                type="text"
              />
              
  
            </div>
            

          </form>
          

  
        </div>
        
  
      

        <section
          aria-label="footer An official website of the United States government"
          class="usa-banner"
        >
          
  
          <footer
            class="usa-banner__header touchpoints-footer-banner hide"
          >
            
    
            <div
              class="usa-banner__inner"
            >
              
      
              <div
                class="grid-col-auto"
              >
                
        
                <img
                  alt="U.S. flag"
                  aria-hidden="true"
                  class="usa-banner__header-flag"
                  src="https://touchpoints.app.cloud.gov/img/us_flag_small.png"
                />
                
      
              </div>
              
      
              <div
                class="grid-col-fill tablet:grid-col-auto"
              >
                
        
                <p
                  class="usa-banner__header-text"
                >
                  
          An official form of the United States government.
          Provided by
          
                  <a
                    class="usa-link--external"
                    href="https://touchpoints.digital.gov"
                    rel="noopener"
                    target="_blank"
                  >
                    Touchpoints
                  </a>
                  
          
                  <br />
                  

        
                </p>
                
      
              </div>
              
    
            </div>
            
  
          </footer>
          

        </section>
        



      </div>
      
  
    </div>
    

  </div>
</DocumentFragment>
`;
