// Jest Snapshot v1, https://goo.gl/fbAQLP

exports[`BrowsersChart when data is loaded renders a component with data loaded 1`] = `
<DocumentFragment>
  <figure
    id="chart_browsers"
  >
    <div
      class="data bar-chart"
    >
      <div
        class="bin"
      >
        <div
          class="label"
        >
          Chrome
        </div>
        <div
          class="value"
        >
          48.7%
        </div>
        <div
          class="bar"
          style="width: 48.7%;"
        />
      </div>
      <div
        class="bin"
      >
        <div
          class="label"
        >
          Safari
        </div>
        <div
          class="value"
        >
          35.8%
        </div>
        <div
          class="bar"
          style="width: 35.8%;"
        />
      </div>
      <div
        class="bin"
      >
        <div
          class="label"
        >
          Edge
        </div>
        <div
          class="value"
        >
          8.8%
        </div>
        <div
          class="bar"
          style="width: 8.8%;"
        />
      </div>
      <div
        class="bin"
      >
        <div
          class="label"
        >
          Firefox
        </div>
        <div
          class="value"
        >
          1.9%
        </div>
        <div
          class="bar"
          style="width: 1.9%;"
        />
      </div>
      <div
        class="bin"
      >
        <div
          class="label"
        >
          Safari (in-app)
        </div>
        <div
          class="value"
        >
          1.9%
        </div>
        <div
          class="bar"
          style="width: 1.9%;"
        />
      </div>
      <div
        class="bin"
      >
        <div
          class="label"
        >
          Samsung Internet
        </div>
        <div
          class="value"
        >
          1.4%
        </div>
        <div
          class="bar"
          style="width: 1.4%;"
        />
      </div>
      <div
        class="bin"
      >
        <div
          class="label"
        >
          Android Webview
        </div>
        <div
          class="value"
        >
          1%
        </div>
        <div
          class="bar"
          style="width: 1%;"
        />
      </div>
      <div
        class="bin"
      >
        <div
          class="label"
        >
          Opera
        </div>
        <div
          class="value"
        >
          0.2%
        </div>
        <div
          class="bar"
          style="width: 0.2%;"
        />
      </div>
      <div
        class="bin"
      >
        <div
          class="label"
        >
          Amazon Silk
        </div>
        <div
          class="value"
        >
          0.1%
        </div>
        <div
          class="bar"
          style="width: 0.1%;"
        />
      </div>
      <div
        class="bin"
      >
        <div
          class="label"
        >
          Internet Explorer
        </div>
        <div
          class="value"
        >
          0.1%
        </div>
        <div
          class="bar"
          style="width: 0.1%;"
        />
      </div>
    </div>
  </figure>
</DocumentFragment>
`;

exports[`BrowsersChart when data is not loaded renders a component in loading state 1`] = `
<DocumentFragment>
  <figure
    id="chart_browsers"
  >
    <div
      class="data bar-chart"
    />
  </figure>
</DocumentFragment>
`;

exports[`BrowsersChart when data loading has an error renders a component in error state 1`] = `
<DocumentFragment>
  <figure
    id="chart_browsers"
  >
    <div
      class="data bar-chart"
    />
  </figure>
</DocumentFragment>
`;
