// Jest Snapshot v1, https://goo.gl/fbAQLP

exports[`DevicesChart when data is loaded renders a component with data loaded 1`] = `
<DocumentFragment>
  <figure
    id="chart_device_types"
  >
    <div
      class="data bar-chart"
    >
      <div
        class="bin"
      >
        <div
          class="label"
        >
          mobile
        </div>
        <div
          class="value"
        >
          54.4%
        </div>
        <div
          class="bar"
          style="width: 54.4%;"
        />
      </div>
      <div
        class="bin"
      >
        <div
          class="label"
        >
          desktop
        </div>
        <div
          class="value"
        >
          44%
        </div>
        <div
          class="bar"
          style="width: 44%;"
        />
      </div>
      <div
        class="bin"
      >
        <div
          class="label"
        >
          tablet
        </div>
        <div
          class="value"
        >
          1.3%
        </div>
        <div
          class="bar"
          style="width: 1.3%;"
        />
      </div>
      <div
        class="bin"
      >
        <div
          class="label"
        >
          Smart TV
        </div>
        <div
          class="value"
        >
          0.2%
        </div>
        <div
          class="bar"
          style="width: 0.2%;"
        />
      </div>
      <div
        class="bin"
      >
        <div
          class="label"
        >
          (other)
        </div>
        <div
          class="value"
        >
          0.1%
        </div>
        <div
          class="bar"
          style="width: 0.1%;"
        />
      </div>
    </div>
  </figure>
</DocumentFragment>
`;

exports[`DevicesChart when data is not loaded renders a component in loading state 1`] = `
<DocumentFragment>
  <figure
    id="chart_device_types"
  >
    <div
      class="data bar-chart"
    />
  </figure>
</DocumentFragment>
`;

exports[`DevicesChart when data loading has an error renders a component in error state 1`] = `
<DocumentFragment>
  <figure
    id="chart_device_types"
  >
    <div
      class="data bar-chart"
    />
  </figure>
</DocumentFragment>
`;
