// Jest Snapshot v1, https://goo.gl/fbAQLP

exports[`LocationsAndLanguages renders 1`] = `
<DocumentFragment>
  <div
    class="section__headline"
  >
    <a
      href="/definitions#report_realtime_locations_languages"
    >
      User Locations and Languages in the Last 30 Minutes
    </a>
  </div>
  <div
    class="padding-top-4 grid-row"
  >
    <div
      class="desktop:grid-col-4 desktop:padding-right-2"
      id="cities"
    >
      <div
        class="chart__title"
      >
        <a
          href="/definitions#dimension_city"
        >
          Cities
        </a>
      </div>
      <figure
        id="chart_top-cities-realtime"
      >
        <div
          class="data chart__bar-chart"
        />
      </figure>
    </div>
    <div
      class="desktop:grid-col-4 desktop:padding-x-2"
      id="countries"
    >
      <div>
        <div
          class="chart__title padding-top-2 desktop:padding-top-0"
        >
          <a
            href="/definitions#dimension_country"
          >
            Countries
          </a>
        </div>
        <figure
          id="chart_us"
        >
          <div
            class="data chart__bar-chart text--capitalize"
          />
        </figure>
        <figure
          class="hide chart__bar-chart__nested"
          id="chart_us_and_territories"
        >
          <div
            class="data chart__bar-chart text--capitalize"
          />
        </figure>
        <figure
          class="hide chart__bar-chart__nested"
          id="chart_countries"
        >
          <div
            class="data chart__bar-chart text--capitalize"
          />
        </figure>
      </div>
    </div>
    <div
      class="desktop:grid-col-4 desktop:padding-left-2"
      id="languages"
    >
      <div
        class="chart__title"
      >
        <a
          href="/definitions#dimension_language"
        >
          Languages
        </a>
      </div>
      <figure
        id="chart_top-languages"
      >
        <div
          class="data chart__bar-chart text--capitalize"
        />
      </figure>
    </div>
  </div>
</DocumentFragment>
`;
