// Jest Snapshot v1, https://goo.gl/fbAQLP

exports[`Sessions30Days when data is not loaded renders a component in loading state 1`] = `
<DocumentFragment>
  <div
    class="chart__time-series__container"
  >
    <svg
      class="data chart__time-series"
    />
  </div>
</DocumentFragment>
`;

exports[`Sessions30Days when data loading has an error renders a component in error state 1`] = `
<DocumentFragment>
  <div
    class="chart__time-series__container"
  >
    <svg
      class="data chart__time-series"
    />
  </div>
</DocumentFragment>
`;
