// Jest Snapshot v1, https://goo.gl/fbAQLP

exports[`TopCountriesRealtime when data is loaded renders a component with data loaded 1`] = `
<DocumentFragment>
  <div>
    <figure
      id="chart_us"
    >
      <div
        class="data bar-chart"
      >
        <div
          class="bin"
        >
          <div
            class="label"
          >
            United States & Territories
          </div>
          <div
            class="value"
          >
            92.8%
          </div>
          <div
            class="bar"
            style="width: 0.3712000000000001%;"
          />
          <figure
            class=""
            id="chart_us_and_territories"
          >
            <h4>
              United States & Territories
            </h4>
            <div
              class="data bar-chart"
            >
              <div
                class="bin"
                data-share="92.46583615851056"
              >
                <div
                  class="label"
                >
                  United States
                </div>
                <div
                  class="value"
                >
                  92.5%
                </div>
                <div
                  class="bar"
                  style="width: 92.5%;"
                />
              </div>
              <div
                class="bin"
                data-share="0.32038487599322185"
              >
                <div
                  class="label"
                >
                  Puerto Rico
                </div>
                <div
                  class="value"
                >
                  0.3%
                </div>
                <div
                  class="bar"
                  style="width: 0.3%;"
                />
              </div>
            </div>
          </figure>
        </div>
        <div
          class="bin"
        >
          <div
            class="label"
          >
            International
          </div>
          <div
            class="value"
          >
            7.2%
          </div>
          <div
            class="bar"
            style="width: 0.028800000000000006%;"
          />
          <figure
            class=""
            id="chart_countries"
          >
            <h4>
              International
            </h4>
            <div
              class="data bar-chart"
            >
              <div
                class="bin"
                data-share="1.2920080941758978"
              >
                <div
                  class="label"
                >
                  India
                </div>
                <div
                  class="value"
                >
                  1.3%
                </div>
                <div
                  class="bar"
                  style="width: 1.3%;"
                />
              </div>
              <div
                class="bin"
                data-share="0.978640624802276"
              >
                <div
                  class="label"
                >
                  Canada
                </div>
                <div
                  class="value"
                >
                  1%
                </div>
                <div
                  class="bar"
                  style="width: 1.0%;"
                />
              </div>
              <div
                class="bin"
                data-share="0.9314744491623401"
              >
                <div
                  class="label"
                >
                  United Kingdom
                </div>
                <div
                  class="value"
                >
                  0.9%
                </div>
                <div
                  class="bar"
                  style="width: 0.9%;"
                />
              </div>
              <div
                class="bin"
                data-share="0.9088116769646151"
              >
                <div
                  class="label"
                >
                  Mexico
                </div>
                <div
                  class="value"
                >
                  0.9%
                </div>
                <div
                  class="bar"
                  style="width: 0.9%;"
                />
              </div>
              <div
                class="bin"
                data-share="0.4562464697267928"
              >
                <div
                  class="label"
                >
                  Colombia
                </div>
                <div
                  class="value"
                >
                  0.5%
                </div>
                <div
                  class="bar"
                  style="width: 0.5%;"
                />
              </div>
              <div
                class="bin"
                data-share="0.4407161436014481"
              >
                <div
                  class="label"
                >
                  Philippines
                </div>
                <div
                  class="value"
                >
                  0.4%
                </div>
                <div
                  class="bar"
                  style="width: 0.4%;"
                />
              </div>
              <div
                class="bin"
                data-share="0.363869789144187"
              >
                <div
                  class="label"
                >
                  Germany
                </div>
                <div
                  class="value"
                >
                  0.4%
                </div>
                <div
                  class="bar"
                  style="width: 0.4%;"
                />
              </div>
              <div
                class="bin"
                data-share="0.28219177767015197"
              >
                <div
                  class="label"
                >
                  France
                </div>
                <div
                  class="value"
                >
                  0.3%
                </div>
                <div
                  class="bar"
                  style="width: 0.3%;"
                />
              </div>
              <div
                class="bin"
                data-share="0.25653797970013814"
              >
                <div
                  class="label"
                >
                  Spain
                </div>
                <div
                  class="value"
                >
                  0.3%
                </div>
                <div
                  class="bar"
                  style="width: 0.3%;"
                />
              </div>
              <div
                class="bin"
                data-share="0.2199554337159929"
              >
                <div
                  class="label"
                >
                  Argentina
                </div>
                <div
                  class="value"
                >
                  0.2%
                </div>
                <div
                  class="bar"
                  style="width: 0.2%;"
                />
              </div>
              <div
                class="bin"
                data-share="0.21615913177424195"
              >
                <div
                  class="label"
                >
                  Brazil
                </div>
                <div
                  class="value"
                >
                  0.2%
                </div>
                <div
                  class="bar"
                  style="width: 0.2%;"
                />
              </div>
              <div
                class="bin"
                data-share="0.18164729594014267"
              >
                <div
                  class="label"
                >
                  Peru
                </div>
                <div
                  class="value"
                >
                  0.2%
                </div>
                <div
                  class="bar"
                  style="width: 0.2%;"
                />
              </div>
              <div
                class="bin"
                data-share="0.17750587564005074"
              >
                <div
                  class="label"
                >
                  Pakistan
                </div>
                <div
                  class="value"
                >
                  0.2%
                </div>
                <div
                  class="bar"
                  style="width: 0.2%;"
                />
              </div>
              <div
                class="bin"
                data-share="0.17566524439556547"
              >
                <div
                  class="label"
                >
                  Italy
                </div>
                <div
                  class="value"
                >
                  0.2%
                </div>
                <div
                  class="bar"
                  style="width: 0.2%;"
                />
              </div>
              <div
                class="bin"
                data-share="0.17221406081215554"
              >
                <div
                  class="label"
                >
                  Chile
                </div>
                <div
                  class="value"
                >
                  0.2%
                </div>
                <div
                  class="bar"
                  style="width: 0.2%;"
                />
              </div>
            </div>
          </figure>
        </div>
      </div>
    </figure>
  </div>
</DocumentFragment>
`;

exports[`TopCountriesRealtime when data is not loaded renders a component in loading state 1`] = `
<DocumentFragment>
  <div>
    <figure
      id="chart_us"
    >
      <div
        class="data bar-chart"
      />
    </figure>
    <figure
      class="hide"
      id="chart_us_and_territories"
    >
      <h4>
        United States & Territories
      </h4>
      <div
        class="data bar-chart"
      />
    </figure>
    <figure
      class="hide"
      id="chart_countries"
    >
      <h4>
        International
      </h4>
      <div
        class="data bar-chart"
      />
    </figure>
  </div>
</DocumentFragment>
`;

exports[`TopCountriesRealtime when data loading has an error renders a component in error state 1`] = `
<DocumentFragment>
  <div>
    <figure
      id="chart_us"
    >
      <div
        class="data bar-chart"
      />
    </figure>
    <figure
      class="hide"
      id="chart_us_and_territories"
    >
      <h4>
        United States & Territories
      </h4>
      <div
        class="data bar-chart"
      />
    </figure>
    <figure
      class="hide"
      id="chart_countries"
    >
      <h4>
        International
      </h4>
      <div
        class="data bar-chart"
      />
    </figure>
  </div>
</DocumentFragment>
`;
