// Jest Snapshot v1, https://goo.gl/fbAQLP

exports[`TopLanguagesHistorical when data is loaded renders a component with data loaded 1`] = `
<DocumentFragment>
  <figure
    data-block="languages"
    id="chart_top-languages"
  >
    <div
      class="data bar-chart"
    >
      <div
        class="bin"
      >
        <div
          class="label"
        >
          English
        </div>
        <div
          class="value"
        >
          91.2%
        </div>
        <div
          class="bar"
          style="width: 0%;"
        />
      </div>
      <div
        class="bin"
      >
        <div
          class="label"
        >
          Spanish
        </div>
        <div
          class="value"
        >
          5.3%
        </div>
        <div
          class="bar"
          style="width: 0%;"
        />
      </div>
      <div
        class="bin"
      >
        <div
          class="label"
        >
          Chinese
        </div>
        <div
          class="value"
        >
          0.9%
        </div>
        <div
          class="bar"
          style="width: 0%;"
        />
      </div>
      <div
        class="bin"
      >
        <div
          class="label"
        >
          French
        </div>
        <div
          class="value"
        >
          0.5%
        </div>
        <div
          class="bar"
          style="width: 0%;"
        />
      </div>
      <div
        class="bin"
      >
        <div
          class="label"
        >
          Japanese
        </div>
        <div
          class="value"
        >
          0.2%
        </div>
        <div
          class="bar"
          style="width: 0%;"
        />
      </div>
      <div
        class="bin"
      >
        <div
          class="label"
        >
          Portuguese
        </div>
        <div
          class="value"
        >
          0.3%
        </div>
        <div
          class="bar"
          style="width: 0%;"
        />
      </div>
      <div
        class="bin"
      >
        <div
          class="label"
        >
          German
        </div>
        <div
          class="value"
        >
          0.3%
        </div>
        <div
          class="bar"
          style="width: 0%;"
        />
      </div>
      <div
        class="bin"
      >
        <div
          class="label"
        >
          Italian
        </div>
        <div
          class="value"
        >
          0.2%
        </div>
        <div
          class="bar"
          style="width: 0%;"
        />
      </div>
      <div
        class="bin"
      >
        <div
          class="label"
        >
          Korean
        </div>
        <div
          class="value"
        >
          0.2%
        </div>
        <div
          class="bar"
          style="width: 0%;"
        />
      </div>
      <div
        class="bin"
      >
        <div
          class="label"
        >
          Russian
        </div>
        <div
          class="value"
        >
          0.2%
        </div>
        <div
          class="bar"
          style="width: 0%;"
        />
      </div>
    </div>
  </figure>
</DocumentFragment>
`;

exports[`TopLanguagesHistorical when data is not loaded renders a component in loading state 1`] = `
<DocumentFragment>
  <figure
    data-block="languages"
    id="chart_top-languages"
  >
    <div
      class="data bar-chart"
    />
  </figure>
</DocumentFragment>
`;

exports[`TopLanguagesHistorical when data loading has an error renders a component in error state 1`] = `
<DocumentFragment>
  <figure
    data-block="languages"
    id="chart_top-languages"
  >
    <div
      class="data bar-chart"
    />
  </figure>
</DocumentFragment>
`;
