// Jest Snapshot v1, https://goo.gl/fbAQLP

exports[`TopLanguages when data is loaded renders a component with data loaded 1`] = `
<DocumentFragment>
  <div
    class="grid-row"
  >
    <div
      class="chart__title display-flex card:grid-col-12 mobile-lg:grid-col-fill card:flex-justify-center mobile-lg:flex-justify-start card:padding-bottom-105 mobile-lg:padding-bottom-0"
    >
      <a
        aria-label="languages-yesterday.csv"
        href="http://www.example.com/data//languages-yesterday.csv"
      >
        <svg
          aria-hidden="true"
          class="usa-icon margin-bottom-neg-05 margin-left-05"
          focusable="false"
          role="img"
        >
          <use
            xlink:href="/assets/uswds/img/sprite.svg#file_present"
          />
        </svg>
      </a>
      <a
        href="/definitions#dimension_language"
      >
        <span
          class="usa-tooltip"
        >
          <span
            aria-describedby="tooltip-550000"
            class="usa-tooltip__trigger"
            data-position="top"
            tabindex="0"
          >
            Languages
          </span>
          <span
            aria-hidden="true"
            class="usa-tooltip__body"
            id="tooltip-550000"
            role="tooltip"
          >
            The name of the language of a user's browser or device.
          </span>
        </span>
      </a>
    </div>
    <div
      class="card:grid-col-12 mobile-lg:grid-col-auto"
    >
      <div
        class="display-flex card:flex-justify-center mobile-lg:flex-justify-end"
      >
        <select
          aria-label="language chart time filter"
          class="usa-select chart__filter margin-top-0"
        >
          <option
            value="languages-yesterday"
          >
            Yesterday
          </option>
          <option
            value="languages-7-days"
          >
            7 Days
          </option>
          <option
            value="languages-30-days"
          >
            30 Days
          </option>
          <option
            value="languages-90-days"
          >
            90 Days
          </option>
          <option
            value="languages-current-year"
          >
            Current Year
          </option>
          <option
            value="languages-current-fiscal-year"
          >
            Current Fiscal Year
          </option>
          <option
            value="languages-previous-year"
          >
            Previous Year
          </option>
          <option
            value="languages-previous-fiscal-year"
          >
            Previous Fiscal Year
          </option>
        </select>
      </div>
    </div>
  </div>
  <div
    class="text--capitalize"
  >
    <figure
      id="chart_language"
    >
      <div
        class="data chart__bar-chart margin-top-2"
      >
        <div
          class="chart__bar-chart__item margin-bottom-2"
        >
          <div
            class="chart__bar-chart__item__label-wrapper grid-row"
          >
            <div
              class="chart__bar-chart__item__label dark-gray text--overflow-ellipsis grid-col-fill padding-right-1"
            >
              English
            </div>
            <div
              class="chart__bar-chart__item__value grid-col-auto text--align-right"
            >
              91.2%
            </div>
          </div>
          <div
            class="chart__bar-chart__item__bar-wrapper grid-row"
          >
            <div
              class="chart__bar-chart__item__bar bg-palette-color-5 margin-top-0 grid-col-12"
              style="width: 91%;"
            />
          </div>
        </div>
        <div
          class="chart__bar-chart__item margin-bottom-2"
        >
          <div
            class="chart__bar-chart__item__label-wrapper grid-row"
          >
            <div
              class="chart__bar-chart__item__label dark-gray text--overflow-ellipsis grid-col-fill padding-right-1"
            >
              Spanish
            </div>
            <div
              class="chart__bar-chart__item__value grid-col-auto text--align-right"
            >
              5.3%
            </div>
          </div>
          <div
            class="chart__bar-chart__item__bar-wrapper grid-row"
          >
            <div
              class="chart__bar-chart__item__bar bg-palette-color-5 margin-top-0 grid-col-12"
              style="width: 5%;"
            />
          </div>
        </div>
        <div
          class="chart__bar-chart__item margin-bottom-2"
        >
          <div
            class="chart__bar-chart__item__label-wrapper grid-row"
          >
            <div
              class="chart__bar-chart__item__label dark-gray text--overflow-ellipsis grid-col-fill padding-right-1"
            >
              Chinese
            </div>
            <div
              class="chart__bar-chart__item__value grid-col-auto text--align-right"
            >
              0.9%
            </div>
          </div>
          <div
            class="chart__bar-chart__item__bar-wrapper grid-row"
          >
            <div
              class="chart__bar-chart__item__bar bg-palette-color-5 margin-top-0 grid-col-12"
              style="width: 1%;"
            />
          </div>
        </div>
        <div
          class="chart__bar-chart__item margin-bottom-2"
        >
          <div
            class="chart__bar-chart__item__label-wrapper grid-row"
          >
            <div
              class="chart__bar-chart__item__label dark-gray text--overflow-ellipsis grid-col-fill padding-right-1"
            >
              French
            </div>
            <div
              class="chart__bar-chart__item__value grid-col-auto text--align-right"
            >
              0.5%
            </div>
          </div>
          <div
            class="chart__bar-chart__item__bar-wrapper grid-row"
          >
            <div
              class="chart__bar-chart__item__bar bg-palette-color-5 margin-top-0 grid-col-12"
              style="width: 0%;"
            />
          </div>
        </div>
        <div
          class="chart__bar-chart__item margin-bottom-2"
        >
          <div
            class="chart__bar-chart__item__label-wrapper grid-row"
          >
            <div
              class="chart__bar-chart__item__label dark-gray text--overflow-ellipsis grid-col-fill padding-right-1"
            >
              German
            </div>
            <div
              class="chart__bar-chart__item__value grid-col-auto text--align-right"
            >
              0.3%
            </div>
          </div>
          <div
            class="chart__bar-chart__item__bar-wrapper grid-row"
          >
            <div
              class="chart__bar-chart__item__bar bg-palette-color-5 margin-top-0 grid-col-12"
              style="width: 0%;"
            />
          </div>
        </div>
        <div
          class="chart__bar-chart__item margin-bottom-2"
        >
          <div
            class="chart__bar-chart__item__label-wrapper grid-row"
          >
            <div
              class="chart__bar-chart__item__label dark-gray text--overflow-ellipsis grid-col-fill padding-right-1"
            >
              Portuguese
            </div>
            <div
              class="chart__bar-chart__item__value grid-col-auto text--align-right"
            >
              0.3%
            </div>
          </div>
          <div
            class="chart__bar-chart__item__bar-wrapper grid-row"
          >
            <div
              class="chart__bar-chart__item__bar bg-palette-color-5 margin-top-0 grid-col-12"
              style="width: 0%;"
            />
          </div>
        </div>
        <div
          class="chart__bar-chart__item margin-bottom-2"
        >
          <div
            class="chart__bar-chart__item__label-wrapper grid-row"
          >
            <div
              class="chart__bar-chart__item__label dark-gray text--overflow-ellipsis grid-col-fill padding-right-1"
            >
              Japanese
            </div>
            <div
              class="chart__bar-chart__item__value grid-col-auto text--align-right"
            >
              0.2%
            </div>
          </div>
          <div
            class="chart__bar-chart__item__bar-wrapper grid-row"
          >
            <div
              class="chart__bar-chart__item__bar bg-palette-color-5 margin-top-0 grid-col-12"
              style="width: 0%;"
            />
          </div>
        </div>
        <div
          class="chart__bar-chart__item margin-bottom-2"
        >
          <div
            class="chart__bar-chart__item__label-wrapper grid-row"
          >
            <div
              class="chart__bar-chart__item__label dark-gray text--overflow-ellipsis grid-col-fill padding-right-1"
            >
              Russian
            </div>
            <div
              class="chart__bar-chart__item__value grid-col-auto text--align-right"
            >
              0.2%
            </div>
          </div>
          <div
            class="chart__bar-chart__item__bar-wrapper grid-row"
          >
            <div
              class="chart__bar-chart__item__bar bg-palette-color-5 margin-top-0 grid-col-12"
              style="width: 0%;"
            />
          </div>
        </div>
        <div
          class="chart__bar-chart__item margin-bottom-2"
        >
          <div
            class="chart__bar-chart__item__label-wrapper grid-row"
          >
            <div
              class="chart__bar-chart__item__label dark-gray text--overflow-ellipsis grid-col-fill padding-right-1"
            >
              Korean
            </div>
            <div
              class="chart__bar-chart__item__value grid-col-auto text--align-right"
            >
              0.2%
            </div>
          </div>
          <div
            class="chart__bar-chart__item__bar-wrapper grid-row"
          >
            <div
              class="chart__bar-chart__item__bar bg-palette-color-5 margin-top-0 grid-col-12"
              style="width: 0%;"
            />
          </div>
        </div>
        <div
          class="chart__bar-chart__item margin-bottom-2"
        >
          <div
            class="chart__bar-chart__item__label-wrapper grid-row"
          >
            <div
              class="chart__bar-chart__item__label dark-gray text--overflow-ellipsis grid-col-fill padding-right-1"
            >
              Italian
            </div>
            <div
              class="chart__bar-chart__item__value grid-col-auto text--align-right"
            >
              0.2%
            </div>
          </div>
          <div
            class="chart__bar-chart__item__bar-wrapper grid-row"
          >
            <div
              class="chart__bar-chart__item__bar bg-palette-color-5 margin-top-0 grid-col-12"
              style="width: 0%;"
            />
          </div>
        </div>
        <div
          class="chart__bar-chart__item margin-bottom-2"
        >
          <div
            class="chart__bar-chart__item__label-wrapper grid-row"
          >
            <div
              class="chart__bar-chart__item__label dark-gray text--overflow-ellipsis grid-col-fill padding-right-1"
            >
              Other
            </div>
            <div
              class="chart__bar-chart__item__value grid-col-auto text--align-right"
            >
              0.7%
            </div>
          </div>
          <div
            class="chart__bar-chart__item__bar-wrapper grid-row"
          >
            <div
              class="chart__bar-chart__item__bar bg-palette-color-5 margin-top-0 grid-col-12"
              style="width: 1%;"
            />
          </div>
        </div>
      </div>
    </figure>
  </div>
</DocumentFragment>
`;

exports[`TopLanguages when data is not loaded renders a component in loading state 1`] = `
<DocumentFragment>
  <div
    class="grid-row"
  >
    <div
      class="chart__title display-flex card:grid-col-12 mobile-lg:grid-col-fill card:flex-justify-center mobile-lg:flex-justify-start card:padding-bottom-105 mobile-lg:padding-bottom-0"
    >
      <a
        aria-label="languages-yesterday.csv"
        href="http://www.example.com/data//languages-yesterday.csv"
      >
        <svg
          aria-hidden="true"
          class="usa-icon margin-bottom-neg-05 margin-left-05"
          focusable="false"
          role="img"
        >
          <use
            xlink:href="/assets/uswds/img/sprite.svg#file_present"
          />
        </svg>
      </a>
      <a
        href="/definitions#dimension_language"
      >
        <span
          class="usa-tooltip"
        >
          <span
            aria-describedby="tooltip-550000"
            class="usa-tooltip__trigger"
            data-position="top"
            tabindex="0"
          >
            Languages
          </span>
          <span
            aria-hidden="true"
            class="usa-tooltip__body"
            id="tooltip-550000"
            role="tooltip"
          >
            The name of the language of a user's browser or device.
          </span>
        </span>
      </a>
    </div>
    <div
      class="card:grid-col-12 mobile-lg:grid-col-auto"
    >
      <div
        class="display-flex card:flex-justify-center mobile-lg:flex-justify-end"
      >
        <select
          aria-label="language chart time filter"
          class="usa-select chart__filter margin-top-0"
        >
          <option
            value="languages-yesterday"
          >
            Yesterday
          </option>
          <option
            value="languages-7-days"
          >
            7 Days
          </option>
          <option
            value="languages-30-days"
          >
            30 Days
          </option>
          <option
            value="languages-90-days"
          >
            90 Days
          </option>
          <option
            value="languages-current-year"
          >
            Current Year
          </option>
          <option
            value="languages-current-fiscal-year"
          >
            Current Fiscal Year
          </option>
          <option
            value="languages-previous-year"
          >
            Previous Year
          </option>
          <option
            value="languages-previous-fiscal-year"
          >
            Previous Fiscal Year
          </option>
        </select>
      </div>
    </div>
  </div>
</DocumentFragment>
`;

exports[`TopLanguages when data loading has an error renders a component in error state 1`] = `
<DocumentFragment>
  <div
    class="grid-row"
  >
    <div
      class="chart__title display-flex card:grid-col-12 mobile-lg:grid-col-fill card:flex-justify-center mobile-lg:flex-justify-start card:padding-bottom-105 mobile-lg:padding-bottom-0"
    >
      <a
        aria-label="languages-yesterday.csv"
        href="http://www.example.com/data//languages-yesterday.csv"
      >
        <svg
          aria-hidden="true"
          class="usa-icon margin-bottom-neg-05 margin-left-05"
          focusable="false"
          role="img"
        >
          <use
            xlink:href="/assets/uswds/img/sprite.svg#file_present"
          />
        </svg>
      </a>
      <a
        href="/definitions#dimension_language"
      >
        <span
          class="usa-tooltip"
        >
          <span
            aria-describedby="tooltip-550000"
            class="usa-tooltip__trigger"
            data-position="top"
            tabindex="0"
          >
            Languages
          </span>
          <span
            aria-hidden="true"
            class="usa-tooltip__body"
            id="tooltip-550000"
            role="tooltip"
          >
            The name of the language of a user's browser or device.
          </span>
        </span>
      </a>
    </div>
    <div
      class="card:grid-col-12 mobile-lg:grid-col-auto"
    >
      <div
        class="display-flex card:flex-justify-center mobile-lg:flex-justify-end"
      >
        <select
          aria-label="language chart time filter"
          class="usa-select chart__filter margin-top-0"
        >
          <option
            value="languages-yesterday"
          >
            Yesterday
          </option>
          <option
            value="languages-7-days"
          >
            7 Days
          </option>
          <option
            value="languages-30-days"
          >
            30 Days
          </option>
          <option
            value="languages-90-days"
          >
            90 Days
          </option>
          <option
            value="languages-current-year"
          >
            Current Year
          </option>
          <option
            value="languages-current-fiscal-year"
          >
            Current Fiscal Year
          </option>
          <option
            value="languages-previous-year"
          >
            Previous Year
          </option>
          <option
            value="languages-previous-fiscal-year"
          >
            Previous Fiscal Year
          </option>
        </select>
      </div>
    </div>
  </div>
</DocumentFragment>
`;
