// Jest Snapshot v1, https://goo.gl/fbAQLP

exports[`TopPagesRealtime when data is loaded renders a component with data loaded 1`] = `
<DocumentFragment>
  <figure
    class="top-pages__realtime-bar-chart"
  >
    <div
      class="data bar-chart"
    >
      <div
        class="bin"
      >
        <div
          class="label"
        >
          National Institute of Standards and Technology | NIST
        </div>
        <div
          class="value"
        >
          7,689
        </div>
        <div
          class="bar"
          style="width: 0%;"
        />
      </div>
      <div
        class="bin"
      >
        <div
          class="label"
        >
          USPS.com® - USPS Tracking® Results
        </div>
        <div
          class="value"
        >
          7,657
        </div>
        <div
          class="bar"
          style="width: 0%;"
        />
      </div>
      <div
        class="bin"
      >
        <div
          class="label"
        >
          Federal Student Aid
        </div>
        <div
          class="value"
        >
          3,576
        </div>
        <div
          class="bar"
          style="width: 0%;"
        />
      </div>
      <div
        class="bin"
      >
        <div
          class="label"
        >
          USAJOBS - Search
        </div>
        <div
          class="value"
        >
          2,242
        </div>
        <div
          class="bar"
          style="width: 0%;"
        />
      </div>
      <div
        class="bin"
      >
        <div
          class="label"
        >
          USPS.com® - Sign In
        </div>
        <div
          class="value"
        >
          1,452
        </div>
        <div
          class="bar"
          style="width: 0%;"
        />
      </div>
      <div
        class="bin"
      >
        <div
          class="label"
        >
          Search Public Sex Offender Registries | Dru Sjodin National Sex Offender Public Website
        </div>
        <div
          class="value"
        >
          1,420
        </div>
        <div
          class="bar"
          style="width: 0%;"
        />
      </div>
      <div
        class="bin"
      >
        <div
          class="label"
        >
          Informed Delivery
        </div>
        <div
          class="value"
        >
          1,347
        </div>
        <div
          class="bar"
          style="width: 0%;"
        />
      </div>
      <div
        class="bin"
      >
        <div
          class="label"
        >
          NWS Radar
        </div>
        <div
          class="value"
        >
          1,266
        </div>
        <div
          class="bar"
          style="width: 0%;"
        />
      </div>
      <div
        class="bin"
      >
        <div
          class="label"
        >
          USAJOBS - Job Announcement
        </div>
        <div
          class="value"
        >
          1,226
        </div>
        <div
          class="bar"
          style="width: 0%;"
        />
      </div>
      <div
        class="bin"
      >
        <div
          class="label"
        >
          Official ESTA Application Website, U.S. Customs and Border Protection
        </div>
        <div
          class="value"
        >
          928
        </div>
        <div
          class="bar"
          style="width: 0%;"
        />
      </div>
    </div>
  </figure>
</DocumentFragment>
`;

exports[`TopPagesRealtime when data is not loaded renders a component in loading state 1`] = `
<DocumentFragment>
  <figure
    class="top-pages__realtime-bar-chart"
  >
    <div
      class="data bar-chart"
    />
  </figure>
</DocumentFragment>
`;

exports[`TopPagesRealtime when data loading has an error renders a component in error state 1`] = `
<DocumentFragment>
  <figure
    class="top-pages__realtime-bar-chart"
  >
    <div
      class="data bar-chart"
    />
  </figure>
</DocumentFragment>
`;
