// Jest Snapshot v1, https://goo.gl/fbAQLP

exports[`TopSourceMedia when data is loaded renders a component with data loaded 1`] = `
<DocumentFragment>
  <figure
    id="chart_session_source_medium"
  >
    <div
      class="data bar-chart"
    >
      <div
        class="bin"
      >
        <div
          class="label"
        >
          google / organic
        </div>
        <div
          class="value"
        >
          47.7%
        </div>
        <div
          class="bar"
          style="width: 47.7%;"
        />
      </div>
      <div
        class="bin"
      >
        <div
          class="label"
        >
          (direct) / (none)
        </div>
        <div
          class="value"
        >
          44.8%
        </div>
        <div
          class="bar"
          style="width: 44.8%;"
        />
      </div>
      <div
        class="bin"
      >
        <div
          class="label"
        >
          bing / organic
        </div>
        <div
          class="value"
        >
          3.3%
        </div>
        <div
          class="bar"
          style="width: 3.3%;"
        />
      </div>
      <div
        class="bin"
      >
        <div
          class="label"
        >
          google / cpc
        </div>
        <div
          class="value"
        >
          1.5%
        </div>
        <div
          class="bar"
          style="width: 1.5%;"
        />
      </div>
      <div
        class="bin"
      >
        <div
          class="label"
        >
          yahoo / organic
        </div>
        <div
          class="value"
        >
          0.7%
        </div>
        <div
          class="bar"
          style="width: 0.7%;"
        />
      </div>
      <div
        class="bin"
      >
        <div
          class="label"
        >
          (not set)
        </div>
        <div
          class="value"
        >
          0.7%
        </div>
        <div
          class="bar"
          style="width: 0.7%;"
        />
      </div>
      <div
        class="bin"
      >
        <div
          class="label"
        >
          duckduckgo / organic
        </div>
        <div
          class="value"
        >
          0.4%
        </div>
        <div
          class="bar"
          style="width: 0.4%;"
        />
      </div>
      <div
        class="bin"
      >
        <div
          class="label"
        >
          other / email
        </div>
        <div
          class="value"
        >
          0.3%
        </div>
        <div
          class="bar"
          style="width: 0.3%;"
        />
      </div>
      <div
        class="bin"
      >
        <div
          class="label"
        >
          govdelivery / email
        </div>
        <div
          class="value"
        >
          0.3%
        </div>
        <div
          class="bar"
          style="width: 0.3%;"
        />
      </div>
      <div
        class="bin"
      >
        <div
          class="label"
        >
          expected / email
        </div>
        <div
          class="value"
        >
          0.2%
        </div>
        <div
          class="bar"
          style="width: 0.2%;"
        />
      </div>
      <div
        class="bin"
      >
        <div
          class="label"
        >
          outfordelivery / email
        </div>
        <div
          class="value"
        >
          0.1%
        </div>
        <div
          class="bar"
          style="width: 0.1%;"
        />
      </div>
    </div>
  </figure>
</DocumentFragment>
`;

exports[`TopSourceMedia when data is not loaded renders a component in loading state 1`] = `
<DocumentFragment>
  <figure
    id="chart_session_source_medium"
  >
    <div
      class="data bar-chart"
    />
  </figure>
</DocumentFragment>
`;

exports[`TopSourceMedia when data loading has an error renders a component in error state 1`] = `
<DocumentFragment>
  <figure
    id="chart_session_source_medium"
  >
    <div
      class="data bar-chart"
    />
  </figure>
</DocumentFragment>
`;
