// Jest Snapshot v1, https://goo.gl/fbAQLP

exports[`TopVideoPlays when data is loaded renders a component with data loaded 1`] = `
<DocumentFragment>
  <figure
    class="top-video-plays__bar-chart"
  >
    <div
      class="data bar-chart"
    >
      <div
        class="bin"
      >
        <div
          class="label"
        >
          <a
            href="https://www.youtube.com/watch?v=ijkkPoXQukY"
            rel="noopener"
            target="_blank"
          >
            NASA Astronauts Send Fourth of July Wishes From the International Space Station
          </a>
        </div>
        <div
          class="value"
        >
          22,112
        </div>
        <div
          class="bar"
          style="width: 100.0%;"
        />
      </div>
      <div
        class="bin"
      >
        <div
          class="label"
        >
          <a
            href="https://www.youtube.com/watch?v=6cUe4oMk69E"
            rel="noopener"
            target="_blank"
          >
            Animation: The James Webb Space Telescope's Orbit
          </a>
        </div>
        <div
          class="value"
        >
          17,997
        </div>
        <div
          class="bar"
          style="width: 82.0%;"
        />
      </div>
      <div
        class="bin"
      >
        <div
          class="label"
        >
          <a
            href="https://www.youtube.com/watch?v=0akd7xj6wec"
            rel="noopener"
            target="_blank"
          >
            How to Renew Your U.S.  Passport
          </a>
        </div>
        <div
          class="value"
        >
          7,568
        </div>
        <div
          class="bar"
          style="width: 35.0%;"
        />
      </div>
      <div
        class="bin"
      >
        <div
          class="label"
        >
          <a
            href="https://www.youtube.com/watch?v=FsQHz2ZdX6E"
            rel="noopener"
            target="_blank"
          >
            Applying in Person for a U.S. Passport 2022 [Audio Description]
          </a>
        </div>
        <div
          class="value"
        >
          3,485
        </div>
        <div
          class="bar"
          style="width: 17.0%;"
        />
      </div>
      <div
        class="bin"
      >
        <div
          class="label"
        >
          <a
            href="https://www.youtube.com/watch?v=iQrP4n-VeFg"
            rel="noopener"
            target="_blank"
          >
            HRSA's Ryan White HIV/AIDS Program 30th Anniversary
          </a>
        </div>
        <div
          class="value"
        >
          1,808
        </div>
        <div
          class="bar"
          style="width: 9.0%;"
        />
      </div>
      <div
        class="bin"
      >
        <div
          class="label"
        >
          <a
            href="https://www.youtube.com/watch?v=j3mk6tUokm4"
            rel="noopener"
            target="_blank"
          >
            Primary Mirror Size Comparison Between Webb and Hubble
          </a>
        </div>
        <div
          class="value"
        >
          877
        </div>
        <div
          class="bar"
          style="width: 5.0%;"
        />
      </div>
      <div
        class="bin"
      >
        <div
          class="label"
        >
          <a
            href="https://www.youtube.com/watch?v=N33FJaziUgY"
            rel="noopener"
            target="_blank"
          >
            Online Passport Renewal: Uploading Your Photo
          </a>
        </div>
        <div
          class="value"
        >
          859
        </div>
        <div
          class="bar"
          style="width: 5.0%;"
        />
      </div>
      <div
        class="bin"
      >
        <div
          class="label"
        >
          <a
            href="https://www.youtube.com/watch?list=TLGG8tIphgpDAHkyNTA2MjAyNA&v=6cUe4oMk69E"
            rel="noopener"
            target="_blank"
          >
            Animation: The James Webb Space Telescope's Orbit
          </a>
        </div>
        <div
          class="value"
        >
          637
        </div>
        <div
          class="bar"
          style="width: 4.0%;"
        />
      </div>
      <div
        class="bin"
      >
        <div
          class="label"
        >
          <a
            href="https://www.youtube.com/watch?v=hjJIyZKbHqc"
            rel="noopener"
            target="_blank"
          >
            Animation of Asteroid Apophisâ€™ 2029 Close Approach with Earth
          </a>
        </div>
        <div
          class="value"
        >
          390
        </div>
        <div
          class="bar"
          style="width: 3.0%;"
        />
      </div>
      <div
        class="bin"
      >
        <div
          class="label"
        >
          <a
            href="https://www.youtube.com/watch?list=TLGG8tIphgpDAHkyMzA2MjAyNA&v=6cUe4oMk69E"
            rel="noopener"
            target="_blank"
          >
            Animation: The James Webb Space Telescope's Orbit
          </a>
        </div>
        <div
          class="value"
        >
          343
        </div>
        <div
          class="bar"
          style="width: 3.0%;"
        />
      </div>
    </div>
  </figure>
</DocumentFragment>
`;

exports[`TopVideoPlays when data is not loaded renders a component in loading state 1`] = `
<DocumentFragment>
  <figure
    class="top-video-plays__bar-chart"
  >
    <div
      class="data bar-chart"
    />
  </figure>
</DocumentFragment>
`;

exports[`TopVideoPlays when data loading has an error renders a component in error state 1`] = `
<DocumentFragment>
  <figure
    class="top-video-plays__bar-chart"
  >
    <div
      class="data bar-chart"
    />
  </figure>
</DocumentFragment>
`;
