// Jest Snapshot v1, https://goo.gl/fbAQLP

exports[`DataDownloads renders 1`] = `
[
  <div
    className="analytics-data__sessions desktop:grid-col-12"
  >
    <table
      className="usa-table usa-table--borderless desktop:grid-col-8"
    >
      <caption>
        <h2>
          User traffic reports
        </h2>
        <a
          href="/definitions"
        >
          See data fields and metrics descriptions
        </a>
      </caption>
      <thead>
        <tr>
          <th
            scope="col"
          >
            Report
          </th>
          <th
            scope="col"
          >
            Time Range
          </th>
          <th
            scope="col"
          >
            Download
          </th>
          <th
            scope="col"
          >
            Update Frequency
          </th>
        </tr>
      </thead>
      <tbody>
        <tr>
          <td>
            Top pages and screens users are viewing (Page Titles)
          </td>
          <td>
            30 minutes
          </td>
          <td>
            <a
              aria-label="all-pages-realtime.json"
              className="download-data usa-button"
              href="http://www.example.com/foobar/all-pages-realtime.json"
            >
              JSON
            </a>
            <a
              aria-label="all-pages-realtime.csv"
              className="download-data usa-button"
              href="http://www.example.com/foobar/all-pages-realtime.csv"
            >
              CSV
            </a>
          </td>
          <td>
            Every 30 minutes
          </td>
        </tr>
        <tr>
          <td>
            Top downloads
          </td>
          <td>
            7 days
          </td>
          <td>
            <a
              aria-label="top-downloads-7-days.json"
              className="download-data usa-button"
              href="http://www.example.com/foobar/top-downloads-7-days.json"
            >
              JSON
            </a>
            <a
              aria-label="top-downloads-7-days.csv"
              className="download-data usa-button"
              href="http://www.example.com/foobar/top-downloads-7-days.csv"
            >
              CSV
            </a>
          </td>
          <td>
            Daily
          </td>
        </tr>
        <tr>
          <td>
            Top video plays
          </td>
          <td>
            7 days
          </td>
          <td>
            <a
              aria-label="top-video-plays-7-days.json"
              className="download-data usa-button"
              href="http://www.example.com/foobar/top-video-plays-7-days.json"
            >
              JSON
            </a>
            <a
              aria-label="top-video-plays-7-days.csv"
              className="download-data usa-button"
              href="http://www.example.com/foobar/top-downloads-7-days.csv"
            >
              CSV
            </a>
          </td>
          <td>
            Daily
          </td>
        </tr>
        <tr>
          <td>
            Top downloads
          </td>
          <td>
            30 days
          </td>
          <td>
            <a
              aria-label="top-downloads-30-days.json"
              className="download-data usa-button"
              href="http://www.example.com/foobar/top-downloads-30-days.json"
            >
              JSON
            </a>
            <a
              aria-label="top-downloads-30-days.csv"
              className="download-data usa-button"
              href="http://www.example.com/foobar/top-downloads-30-days.csv"
            >
              CSV
            </a>
          </td>
          <td>
            Daily
          </td>
        </tr>
        <tr>
          <td>
            Top hostnames
          </td>
          <td>
            30 days
          </td>
          <td>
            <a
              aria-label="top-10000-domains-30-days.json"
              className="download-data usa-button"
              href="http://www.example.com/foobar/top-10000-domains-30-days.json"
            >
              JSON
            </a>
            <a
              aria-label="top-10000-domains-30-days.csv"
              className="download-data usa-button"
              href="http://www.example.com/foobar/top-10000-domains-30-days.csv"
            >
              CSV
            </a>
          </td>
          <td>
            Daily
          </td>
        </tr>
        <tr>
          <td>
            Top pages and screens (Full Page Path)
          </td>
          <td>
            30 days
          </td>
          <td>
            <a
              aria-label="top-10000-pages-and-screens-30-days.json"
              className="download-data usa-button"
              href="http://www.example.com/foobar/top-10000-pages-and-screens-30-days.json"
            >
              JSON
            </a>
            <a
              aria-label="top-10000-pages-and-screens-30-days.csv"
              className="download-data usa-button"
              href="http://www.example.com/foobar/top-10000-pages-and-screens-30-days.csv"
            >
              CSV
            </a>
          </td>
          <td>
            Daily
          </td>
        </tr>
        <tr>
          <td>
            Top traffic sources
          </td>
          <td>
            30 days
          </td>
          <td>
            <a
              aria-label="top-traffic-sources-30-days.json"
              className="download-data usa-button"
              href="http://www.example.com/foobar/top-traffic-sources-30-days.json"
            >
              JSON
            </a>
            <a
              aria-label="top-traffic-sources-30-days.csv"
              className="download-data usa-button"
              href="http://www.example.com/foobar/top-traffic-sources-30-days.csv"
            >
              CSV
            </a>
          </td>
          <td>
            Daily
          </td>
        </tr>
        <tr>
          <td>
            Top video plays
          </td>
          <td>
            30 days
          </td>
          <td>
            <a
              aria-label="top-video-plays-30-days.json"
              className="download-data usa-button"
              href="http://www.example.com/foobar/top-video-plays-30-days.json"
            >
              JSON
            </a>
            <a
              aria-label="top-video-plays-30-days.csv"
              className="download-data usa-button"
              href="http://www.example.com/foobar/top-downloads-30-days.csv"
            >
              CSV
            </a>
          </td>
          <td>
            Daily
          </td>
        </tr>
      </tbody>
    </table>
  </div>,
  <div
    className="analytics-data__demographics desktop:grid-col-12 padding-bottom-4"
  >
    <table
      className="usa-table usa-table--borderless desktop:grid-col-8"
    >
      <caption>
        <h2>
          User demographics
        </h2>
      </caption>
      <thead>
        <tr>
          <th
            scope="col"
          >
            Report
          </th>
          <th
            scope="col"
          >
            Time Range
          </th>
          <th
            scope="col"
          >
            Download
          </th>
          <th
            scope="col"
          >
            Update Frequency
          </th>
        </tr>
      </thead>
      <tbody>
        <tr>
          <td>
            Users per country
          </td>
          <td>
            30 minutes
          </td>
          <td>
            <a
              aria-label="top-countries-realtime.json"
              className="download-data usa-button"
              href="http://www.example.com/foobar/top-countries-realtime.json"
            >
              JSON
            </a>
            <a
              aria-label="top-countries-realtime.csv"
              className="download-data usa-button"
              href="http://www.example.com/foobar/top-countries-realtime.csv"
            >
              CSV
            </a>
          </td>
          <td>
            Every 30 minutes
          </td>
        </tr>
        <tr>
          <td>
            Users per city
          </td>
          <td>
            30 minutes
          </td>
          <td>
            <a
              aria-label="top-cities-realtime.json"
              className="download-data usa-button"
              href="http://www.example.com/foobar/top-cities-realtime.json"
            >
              JSON
            </a>
            <a
              aria-label="top-cities-realtime.csv"
              className="download-data usa-button"
              href="http://www.example.com/foobar/top-cities-realtime.csv"
            >
              CSV
            </a>
          </td>
          <td>
            Every 30 minutes
          </td>
        </tr>
        <tr>
          <td>
            Language
          </td>
          <td>
            90 days
          </td>
          <td>
            <a
              aria-label="language.json"
              className="download-data usa-button"
              href="http://www.example.com/foobar/language.json"
            >
              JSON
            </a>
            <a
              aria-label="language.csv"
              className="download-data usa-button"
              href="http://www.example.com/foobar/language.csv"
            >
              CSV
            </a>
          </td>
          <td>
            Daily
          </td>
        </tr>
        <tr>
          <td>
            Desktop, mobile, tablet
          </td>
          <td>
            90 days
          </td>
          <td>
            <a
              aria-label="devices.json"
              className="download-data usa-button"
              href="http://www.example.com/foobar/devices-90-days.json"
            >
              JSON
            </a>
            <a
              aria-label="devices.csv"
              className="download-data usa-button"
              href="http://www.example.com/foobar/devices-90-days.csv"
            >
              CSV
            </a>
          </td>
          <td>
            Daily
          </td>
        </tr>
        <tr>
          <td>
            Web Browsers (90 days)
          </td>
          <td>
            90 days
          </td>
          <td>
            <a
              aria-label="browsers.json"
              className="download-data usa-button"
              href="http://www.example.com/foobar/browsers-90-days.json"
            >
              JSON
            </a>
            <a
              aria-label="browsers.csv"
              className="download-data usa-button"
              href="http://www.example.com/foobar/browsers-90-days.csv"
            >
              CSV
            </a>
          </td>
          <td>
            Daily
          </td>
        </tr>
        <tr>
          <td>
            Operating systems
          </td>
          <td>
            90 days
          </td>
          <td>
            <a
              aria-label="os.json"
              className="download-data usa-button"
              href="http://www.example.com/foobar/os-90-days.json"
            >
              JSON
            </a>
            <a
              aria-label="os.csv"
              className="download-data usa-button"
              href="http://www.example.com/foobar/os-90-days.csv"
            >
              CSV
            </a>
          </td>
          <td>
            Daily
          </td>
        </tr>
        <tr>
          <td>
            Versions of Windows
          </td>
          <td>
            90 days
          </td>
          <td>
            <a
              aria-label="windows.json"
              className="download-data usa-button"
              href="http://www.example.com/foobar/windows-90-days.json"
            >
              JSON
            </a>
            <a
              aria-label="windows.csv"
              className="download-data usa-button"
              href="http://www.example.com/foobar/windows-90-days.csv"
            >
              CSV
            </a>
          </td>
          <td>
            Daily
          </td>
        </tr>
        <tr>
          <td>
            OS & browser (combined)
          </td>
          <td>
            90 days
          </td>
          <td>
            <a
              aria-label="os-browsers.json"
              className="download-data usa-button"
              href="http://www.example.com/foobar/os-browsers.json"
            >
              JSON
            </a>
            <a
              aria-label="os-browsers.csv"
              className="download-data usa-button"
              href="http://www.example.com/foobar/os-browsers.csv"
            >
              CSV
            </a>
          </td>
          <td>
            Daily
          </td>
        </tr>
        <tr>
          <td>
            Windows & browser (combined)
          </td>
          <td>
            90 days
          </td>
          <td>
            <a
              aria-label="windows-browsers.json"
              className="download-data usa-button"
              href="http://www.example.com/foobar/windows-browsers.json"
            >
              JSON
            </a>
            <a
              aria-label="windows-browsers.csv"
              className="download-data usa-button"
              href="http://www.example.com/foobar/windows-browsers.csv"
            >
              CSV
            </a>
          </td>
          <td>
            Daily
          </td>
        </tr>
        <tr>
          <td>
            Screen sizes
          </td>
          <td>
            90 days
          </td>
          <td>
            <a
              aria-label="screen-size.json"
              className="download-data usa-button"
              href="http://www.example.com/foobar/screen-size.json"
            >
              JSON
            </a>
            <a
              aria-label="screen-size.csv"
              className="download-data usa-button"
              href="http://www.example.com/foobar/screen-size.csv"
            >
              CSV
            </a>
          </td>
          <td>
            Daily
          </td>
        </tr>
        <tr>
          <td>
            Device model
          </td>
          <td>
            90 days
          </td>
          <td>
            <a
              aria-label="device_model.json"
              className="download-data usa-button"
              href="http://www.example.com/foobar/device_model.json"
            >
              JSON
            </a>
            <a
              aria-label="device_model.csv"
              className="download-data usa-button"
              href="http://www.example.com/foobar/device_model.csv"
            >
              CSV
            </a>
          </td>
          <td>
            Daily
          </td>
        </tr>
      </tbody>
    </table>
  </div>,
]
`;
