// Jest Snapshot v1, https://goo.gl/fbAQLP

exports[`DeviceDemographics renders 1`] = `
<DocumentFragment>
  <section
    class="desktop:grid-col-4 bar-chart-component"
    id="devices"
  >
    <h4>
      Devices
    </h4>
    <figure
      id="chart_device_types"
    >
      <div
        class="data bar-chart"
      />
    </figure>
  </section>
  <section
    class="desktop:grid-col-4 bar-chart-component"
    id="browsers"
  >
    <h4>
      Web Browsers
    </h4>
    <figure
      id="chart_browsers"
    >
      <div
        class="data bar-chart"
      />
    </figure>
  </section>
  <section
    class="desktop:grid-col-4 bar-chart-component"
    id="operating_systems"
  >
    <h4>
      Operating Systems
    </h4>
    <div>
      <figure
        id="chart_os"
      >
        <div
          class="data bar-chart"
        />
      </figure>
      <figure
        class="hide"
        data-scale-to-parent="true"
        id="chart_windows"
      >
        <h4>
          Windows
        </h4>
        <div
          class="data bar-chart"
        />
      </figure>
    </div>
  </section>
</DocumentFragment>
`;
