// Jest Snapshot v1, https://goo.gl/fbAQLP

exports[`Engagement renders 1`] = `
[
  <section
    className="desktop:grid-col-6"
    id="average_engagement_time"
  >
    <div
      className="grid-row"
    >
      <h4
        className="grid-col-12"
      >
        <a
          href="/definitions#report_historical_average_engagement_time"
        >
          Average Engagement Time Per Session
        </a>
      </h4>
    </div>
    <div
      className="grid-row"
    >
      <span
        className="grid-col-12"
      >
        <div>
          <div
            className="data"
          />
        </div>
      </span>
    </div>
  </section>,
  <section
    className="desktop:grid-col-6"
    id="engagement_rate"
  >
    <div
      className="grid-row"
    >
      <h4
        className="grid-col-12"
      >
        <a
          href="/definitions#report_historical_engagement_rate"
        >
          Percent of Engaged Sessions
        </a>
      </h4>
    </div>
    <div
      className="grid-row"
    >
      <span
        className="data grid-col-12"
      >
        <div>
          <div
            className="data"
          />
        </div>
      </span>
    </div>
  </section>,
]
`;
