// Jest Snapshot v1, https://goo.gl/fbAQLP

exports[`LocationsAndLanguages renders 1`] = `
<DocumentFragment>
  <div
    class="section__headline"
  >
    <h2>
      User Locations and Languages in the Last 30 Minutes
    </h2>
  </div>
  <div
    class="section__chart grid-row"
  >
    <section
      class="desktop:grid-col-4 padding-2 bar-chart-component"
      id="cities"
    >
      <h4>
        Cities
      </h4>
      <figure
        id="chart_top-cities-realtime"
      >
        <div
          class="data bar-chart"
        />
      </figure>
    </section>
    <section
      class="desktop:grid-col-4 padding-2 bar-chart-component"
      id="countries"
    >
      <h4>
        Countries
      </h4>
      <div>
        <figure
          id="chart_us"
        >
          <div
            class="data bar-chart"
          />
        </figure>
        <figure
          class="hide"
          id="chart_us_and_territories"
        >
          <h4>
            United States & Territories
          </h4>
          <div
            class="data bar-chart"
          />
        </figure>
        <figure
          class="hide"
          id="chart_countries"
        >
          <h4>
            International
          </h4>
          <div
            class="data bar-chart"
          />
        </figure>
      </div>
    </section>
    <section
      class="desktop:grid-col-4 padding-2 bar-chart-component"
      id="languages"
    >
      <h4>
        Languages
      </h4>
      <figure
        data-block="languages"
        id="chart_top-languages"
      >
        <div
          class="data bar-chart"
        />
      </figure>
    </section>
  </div>
</DocumentFragment>
`;
