// Jest Snapshot v1, https://goo.gl/fbAQLP

exports[`TopChannels renders 1`] = `
<figure
  id="chart_session_channel_group"
>
  <div
    className="data bar-chart"
  />
</figure>
`;
