// Jest Snapshot v1, https://goo.gl/fbAQLP

exports[`TopDownloads when data is loaded renders a component with data loaded 1`] = `
<DocumentFragment>
  <figure
    class="top-downloads__bar-chart"
  >
    <div
      class="data bar-chart"
    >
      <div
        class="bin"
      >
        <div
          class="label"
        >
          <span
            class="name"
          >
            <a
              class="top-download-page"
              href="http://www.cdc.gov/vaccines/hcp/vis/vis-statements/flu.html"
              rel="noopener"
              target="_blank"
            >
              Inactivated Influenza Vaccine Information Statement | CDC
            </a>
          </span>
           
          <span
            class="domain"
          >
            www.cdc.gov
          </span>
           
          <span
            class="divider"
          >
            /
          </span>
           
          <span
            class="filename"
          >
            <a
              aria-label="/vaccines/hcp/vis/vis-statements/flu.pdf"
              class="top-download-file"
              href="https://www.cdc.gov/vaccines/hcp/vis/vis-statements/flu.pdf"
              rel="noopener"
              target="_blank"
            >
              download file
            </a>
          </span>
        </div>
        <div
          class="value"
        >
          30,000,000
        </div>
        <div
          class="bar"
          style="width: 100.0%;"
        />
      </div>
      <div
        class="bin"
      >
        <div
          class="label"
        >
          <span
            class="name"
          >
            <a
              class="top-download-page"
              href="http://www.irs.gov/forms-pubs/about-form-w-9"
              rel="noopener"
              target="_blank"
            >
              About Form W-9, Request for Taxpayer Identification Number and Certification | Internal Revenue Service
            </a>
          </span>
           
          <span
            class="domain"
          >
            www.irs.gov
          </span>
           
          <span
            class="divider"
          >
            /
          </span>
           
          <span
            class="filename"
          >
            <a
              aria-label="/pub/irs-pdf/fw9.pdf"
              class="top-download-file"
              href="https://www.irs.gov/pub/irs-pdf/fw9.pdf"
              rel="noopener"
              target="_blank"
            >
              download file
            </a>
          </span>
        </div>
        <div
          class="value"
        >
          28,634
        </div>
        <div
          class="bar"
          style="width: 1.0%;"
        />
      </div>
      <div
        class="bin"
      >
        <div
          class="label"
        >
          <span
            class="name"
          >
            <a
              class="top-download-page"
              href="http://www.fincen.gov/boi/small-entity-compliance-guide"
              rel="noopener"
              target="_blank"
            >
              Small Entity Compliance Guide | FinCEN.gov
            </a>
          </span>
           
          <span
            class="domain"
          >
            www.fincen.gov
          </span>
           
          <span
            class="divider"
          >
            /
          </span>
           
          <span
            class="filename"
          >
            <a
              aria-label="/sites/default/files/shared/boi_small_compliance_guide.v1.1-final.pdf"
              class="top-download-file"
              href="https://www.fincen.gov/sites/default/files/shared/boi_small_compliance_guide.v1.1-final.pdf"
              rel="noopener"
              target="_blank"
            >
              download file
            </a>
          </span>
        </div>
        <div
          class="value"
        >
          9,426
        </div>
        <div
          class="bar"
          style="width: 1.0%;"
        />
      </div>
      <div
        class="bin"
      >
        <div
          class="label"
        >
          <span
            class="name"
          >
            <a
              class="top-download-page"
              href="http://travel.state.gov/content/travel/en/passports/how-apply/fees.html"
              rel="noopener"
              target="_blank"
            >
              Passport Fees
            </a>
          </span>
           
          <span
            class="domain"
          >
            travel.state.gov
          </span>
           
          <span
            class="divider"
          >
            /
          </span>
           
          <span
            class="filename"
          >
            <a
              aria-label="/content/dam/passports/forms-fees/fee%20chart%202023.pdf"
              class="top-download-file"
              href="https://travel.state.gov/content/dam/passports/forms-fees/fee%20chart%202023.pdf"
              rel="noopener"
              target="_blank"
            >
              download file
            </a>
          </span>
        </div>
        <div
          class="value"
        >
          9,295
        </div>
        <div
          class="bar"
          style="width: 1.0%;"
        />
      </div>
      <div
        class="bin"
      >
        <div
          class="label"
        >
          <span
            class="name"
          >
            <a
              class="top-download-page"
              href="http://www.uscis.gov/i-9"
              rel="noopener"
              target="_blank"
            >
              Employment Eligibility Verification | USCIS
            </a>
          </span>
           
          <span
            class="domain"
          >
            www.uscis.gov
          </span>
           
          <span
            class="divider"
          >
            /
          </span>
           
          <span
            class="filename"
          >
            <a
              aria-label="/sites/default/files/document/forms/i-9.pdf"
              class="top-download-file"
              href="https://www.uscis.gov/sites/default/files/document/forms/i-9.pdf"
              rel="noopener"
              target="_blank"
            >
              download file
            </a>
          </span>
        </div>
        <div
          class="value"
        >
          8,984
        </div>
        <div
          class="bar"
          style="width: 1.0%;"
        />
      </div>
      <div
        class="bin"
      >
        <div
          class="label"
        >
          <span
            class="name"
          >
            <a
              class="top-download-page"
              href="http://www.opm.gov/policy-data-oversight/pay-leave/salaries-wages/2024/general-schedule"
              rel="noopener"
              target="_blank"
            >
              General Schedule
            </a>
          </span>
           
          <span
            class="domain"
          >
            www.opm.gov
          </span>
           
          <span
            class="divider"
          >
            /
          </span>
           
          <span
            class="filename"
          >
            <a
              aria-label="/policy-data-oversight/pay-leave/salaries-wages/salary-tables/24tables/pdf/dcb.pdf"
              class="top-download-file"
              href="https://www.opm.gov/policy-data-oversight/pay-leave/salaries-wages/salary-tables/24tables/pdf/dcb.pdf"
              rel="noopener"
              target="_blank"
            >
              download file
            </a>
          </span>
        </div>
        <div
          class="value"
        >
          8,774
        </div>
        <div
          class="bar"
          style="width: 1.0%;"
        />
      </div>
      <div
        class="bin"
      >
        <div
          class="label"
        >
          <span
            class="name"
          >
            <a
              class="top-download-page"
              href="http://www.opm.gov/policy-data-oversight/pay-leave/salaries-wages/2024/general-schedule"
              rel="noopener"
              target="_blank"
            >
              General Schedule
            </a>
          </span>
           
          <span
            class="domain"
          >
            www.opm.gov
          </span>
           
          <span
            class="divider"
          >
            /
          </span>
           
          <span
            class="filename"
          >
            <a
              aria-label="/policy-data-oversight/pay-leave/salaries-wages/salary-tables/24tables/pdf/rus.pdf"
              class="top-download-file"
              href="https://www.opm.gov/policy-data-oversight/pay-leave/salaries-wages/salary-tables/24tables/pdf/rus.pdf"
              rel="noopener"
              target="_blank"
            >
              download file
            </a>
          </span>
        </div>
        <div
          class="value"
        >
          8,174
        </div>
        <div
          class="bar"
          style="width: 1.0%;"
        />
      </div>
      <div
        class="bin"
      >
        <div
          class="label"
        >
          <span
            class="name"
          >
            <a
              class="top-download-page"
              href="http://www.irs.gov/forms-pubs/about-form-w-4"
              rel="noopener"
              target="_blank"
            >
              About Form W-4, Employee's Withholding Certificate | Internal Revenue Service
            </a>
          </span>
           
          <span
            class="domain"
          >
            www.irs.gov
          </span>
           
          <span
            class="divider"
          >
            /
          </span>
           
          <span
            class="filename"
          >
            <a
              aria-label="/pub/irs-pdf/fw4.pdf"
              class="top-download-file"
              href="https://www.irs.gov/pub/irs-pdf/fw4.pdf"
              rel="noopener"
              target="_blank"
            >
              download file
            </a>
          </span>
        </div>
        <div
          class="value"
        >
          6,385
        </div>
        <div
          class="bar"
          style="width: 1.0%;"
        />
      </div>
    </div>
  </figure>
</DocumentFragment>
`;

exports[`TopDownloads when data is not loaded renders a component in loading state 1`] = `
<DocumentFragment>
  <figure
    class="top-downloads__bar-chart"
  >
    <div
      class="data bar-chart"
    />
  </figure>
</DocumentFragment>
`;

exports[`TopDownloads when data loading has an error renders a component in error state 1`] = `
<DocumentFragment>
  <figure
    class="top-downloads__bar-chart"
  >
    <div
      class="data bar-chart"
    />
  </figure>
</DocumentFragment>
`;
