// Jest Snapshot v1, https://goo.gl/fbAQLP

exports[`TrafficSources renders 1`] = `
<DocumentFragment>
  <section
    class="desktop:grid-col-6 bar-chart-component"
    id="session_channel_groups"
  >
    <h4>
      Top Channels
    </h4>
    <figure
      id="chart_session_channel_group"
    >
      <div
        class="data bar-chart"
      />
    </figure>
  </section>
  <section
    class="desktop:grid-col-6 bar-chart-component"
    id="session_source_mediums"
  >
    <h4>
      Top Sources/Media
    </h4>
    <figure
      id="chart_session_source_medium"
    >
      <div
        class="data bar-chart"
      />
    </figure>
  </section>
</DocumentFragment>
`;
